#-----------------------------------------------------------
# Vivado v2022.2.2 (64-bit)
# SW Build 3788238 on Tue Feb 21 20:00:34 MST 2023
# IP Build 3783773 on Tue Feb 21 23:41:56 MST 2023
# Start of session at: Sat Nov 15 17:21:03 2025
# Process ID: 24728
# Current directory: G:/My Drive/Proiecte/PSN/project_3
# Command line: vivado.exe -gui_launcher_event rodinguilauncherevent25552 G:\My Drive\Proiecte\PSN\project_3\project_3.xpr
# Log file: G:/My Drive/Proiecte/PSN/project_3/vivado.log
# Journal file: G:/My Drive/Proiecte/PSN/project_3\vivado.jou
# Running On: DESKTOP-JF7BU5U, OS: Windows, CPU Frequency: 1992 MHz, CPU Physical cores: 4, Host memory: 34245 MB
#-----------------------------------------------------------
start_gui
open_project {G:/My Drive/Proiecte/PSN/project_3/project_3.xpr}
WARNING: [Board 49-26] cannot add Board Part xilinx.com:kc705:part0:1.6 available at C:/Xilinx/Vivado/2022.2/data/xhub/boards/XilinxBoardStore/boards/Xilinx/kc705/1.6/board.xml as part xc7k325tffg900-2 specified in board_part file is either invalid or not available
WARNING: [Board 49-26] cannot add Board Part xilinx.com:kcu105:part0:1.6 available at C:/Xilinx/Vivado/2022.2/data/xhub/boards/XilinxBoardStore/boards/Xilinx/kcu105/1.6/board.xml as part xcku040-ffva1156-2-e specified in board_part file is either invalid or not available
WARNING: [Board 49-26] cannot add Board Part xilinx.com:kcu105:part0:1.7 available at C:/Xilinx/Vivado/2022.2/data/xhub/boards/XilinxBoardStore/boards/Xilinx/kcu105/1.7/board.xml as part xcku040-ffva1156-2-e specified in board_part file is either invalid or not available
WARNING: [Board 49-26] cannot add Board Part xilinx.com:kcu1500:part0:1.2 available at C:/Xilinx/Vivado/2022.2/data/xhub/boards/XilinxBoardStore/boards/Xilinx/kcu1500/1.2/board.xml as part xcku115-flvb2104-2-e specified in board_part file is either invalid or not available
WARNING: [Board 49-26] cannot add Board Part xilinx.com:vc707:part0:1.4 available at C:/Xilinx/Vivado/2022.2/data/xhub/boards/XilinxBoardStore/boards/Xilinx/vc707/1.4/board.xml as part xc7vx485tffg1761-2 specified in board_part file is either invalid or not available
WARNING: [Board 49-26] cannot add Board Part xilinx.com:vc709:part0:1.8 available at C:/Xilinx/Vivado/2022.2/data/xhub/boards/XilinxBoardStore/boards/Xilinx/vc709/1.8/board.xml as part xc7vx690tffg1761-2 specified in board_part file is either invalid or not available
WARNING: [Board 49-26] cannot add Board Part xilinx.com:vck190:part0:2.2 available at C:/Xilinx/Vivado/2022.2/data/xhub/boards/XilinxBoardStore/boards/Xilinx/vck190/production/2.2/board.xml as part xcvc1902-vsva2197-2mp-e-s specified in board_part file is either invalid or not available
WARNING: [Board 49-26] cannot add Board Part xilinx.com:vck190:part0:3.0 available at C:/Xilinx/Vivado/2022.2/data/xhub/boards/XilinxBoardStore/boards/Xilinx/vck190/production/3.0/board.xml as part xcvc1902-vsva2197-2mp-e-s specified in board_part file is either invalid or not available
WARNING: [Board 49-26] cannot add Board Part xilinx.com:vck190:part0:3.1 available at C:/Xilinx/Vivado/2022.2/data/xhub/boards/XilinxBoardStore/boards/Xilinx/vck190/production/3.1/board.xml as part xcvc1902-vsva2197-2mp-e-s specified in board_part file is either invalid or not available
WARNING: [Board 49-26] cannot add Board Part xilinx.com:vck190_newl:part0:1.0 available at C:/Xilinx/Vivado/2022.2/data/xhub/boards/XilinxBoardStore/boards/Xilinx/vck190_newl/production/1.0/board.xml as part xcvc1902-vsva2197-2mp-e-s specified in board_part file is either invalid or not available
WARNING: [Board 49-26] cannot add Board Part xilinx.com:vcu108:part0:1.6 available at C:/Xilinx/Vivado/2022.2/data/xhub/boards/XilinxBoardStore/boards/Xilinx/vcu108/1.6/board.xml as part xcvu095-ffva2104-2-e specified in board_part file is either invalid or not available
WARNING: [Board 49-26] cannot add Board Part xilinx.com:vcu108:part0:1.7 available at C:/Xilinx/Vivado/2022.2/data/xhub/boards/XilinxBoardStore/boards/Xilinx/vcu108/1.7/board.xml as part xcvu095-ffva2104-2-e specified in board_part file is either invalid or not available
WARNING: [Board 49-26] cannot add Board Part xilinx.com:vcu110:part0:1.4 available at C:/Xilinx/Vivado/2022.2/data/xhub/boards/XilinxBoardStore/boards/Xilinx/vcu110/1.4/board.xml as part xcvu190-flgc2104-2-e specified in board_part file is either invalid or not available
WARNING: [Board 49-26] cannot add Board Part xilinx.com:vcu118:part0:2.0 available at C:/Xilinx/Vivado/2022.2/data/xhub/boards/XilinxBoardStore/boards/Xilinx/vcu118/2.0/board.xml as part xcvu9p-flga2104-2l-e specified in board_part file is either invalid or not available
WARNING: [Board 49-26] cannot add Board Part xilinx.com:vcu118:part0:2.3 available at C:/Xilinx/Vivado/2022.2/data/xhub/boards/XilinxBoardStore/boards/Xilinx/vcu118/2.3/board.xml as part xcvu9p-flga2104-2l-e specified in board_part file is either invalid or not available
WARNING: [Board 49-26] cannot add Board Part xilinx.com:vcu118:part0:2.4 available at C:/Xilinx/Vivado/2022.2/data/xhub/boards/XilinxBoardStore/boards/Xilinx/vcu118/2.4/board.xml as part xcvu9p-flga2104-2l-e specified in board_part file is either invalid or not available
WARNING: [Board 49-26] cannot add Board Part xilinx.com:vcu128:part0:1.0 available at C:/Xilinx/Vivado/2022.2/data/xhub/boards/XilinxBoardStore/boards/Xilinx/vcu128/production/1.0/board.xml as part xcvu37p-fsvh2892-2l-e specified in board_part file is either invalid or not available
WARNING: [Board 49-26] cannot add Board Part xilinx.com:vcu129:part0:1.0 available at C:/Xilinx/Vivado/2022.2/data/xhub/boards/XilinxBoardStore/boards/Xilinx/vcu129/production/1.0/board.xml as part xcvu29p-fsga2577-2l-e specified in board_part file is either invalid or not available
WARNING: [Board 49-26] cannot add Board Part xilinx.com:vcu1525:part0:1.3 available at C:/Xilinx/Vivado/2022.2/data/xhub/boards/XilinxBoardStore/boards/Xilinx/vcu1525/1.3/board.xml as part xcvu9p-fsgd2104-2l-e specified in board_part file is either invalid or not available
WARNING: [Board 49-26] cannot add Board Part xilinx.com:vek280_es:part0:1.0 available at C:/Xilinx/Vivado/2022.2/data/xhub/boards/XilinxBoardStore/boards/Xilinx/vek280/es/rev_a/1.0/board.xml as part xcve2802-vsvh1760-2lp-e-s-es1 specified in board_part file is either invalid or not available
WARNING: [Board 49-26] cannot add Board Part xilinx.com:vek280_es_revb:part0:1.0 available at C:/Xilinx/Vivado/2022.2/data/xhub/boards/XilinxBoardStore/boards/Xilinx/vek280/es/rev_b/1.0/board.xml as part xcve2802-vsvh1760-2mp-e-s-es1 specified in board_part file is either invalid or not available
WARNING: [Board 49-26] cannot add Board Part xilinx.com:vermeo_t1_mpsoc:part0:1.0 available at C:/Xilinx/Vivado/2022.2/data/xhub/boards/XilinxBoardStore/boards/Xilinx/vermeo_t1_mpsoc/1.0/board.xml as part xczu19eg-ffvd1760-2l-e specified in board_part file is either invalid or not available
WARNING: [Board 49-26] cannot add Board Part xilinx.com:vermeo_t1_rfsoc:part0:1.0 available at C:/Xilinx/Vivado/2022.2/data/xhub/boards/XilinxBoardStore/boards/Xilinx/vermeo_t1_rfsoc/1.0/board.xml as part xczu21dr-ffvd1156-2l-e specified in board_part file is either invalid or not available
WARNING: [Board 49-26] cannot add Board Part xilinx.com:vhk158_es:part0:1.0 available at C:/Xilinx/Vivado/2022.2/data/xhub/boards/XilinxBoardStore/boards/Xilinx/vhk158/es/1.0/board.xml as part xcvh1582-vsva3697-2mp-e-s-es1 specified in board_part file is either invalid or not available
WARNING: [Board 49-26] cannot add Board Part xilinx.com:vmk180:part0:2.2 available at C:/Xilinx/Vivado/2022.2/data/xhub/boards/XilinxBoardStore/boards/Xilinx/vmk180/production/2.2/board.xml as part xcvm1802-vsva2197-2mp-e-s specified in board_part file is either invalid or not available
WARNING: [Board 49-26] cannot add Board Part xilinx.com:vmk180:part0:3.0 available at C:/Xilinx/Vivado/2022.2/data/xhub/boards/XilinxBoardStore/boards/Xilinx/vmk180/production/3.0/board.xml as part xcvm1802-vsva2197-2mp-e-s specified in board_part file is either invalid or not available
WARNING: [Board 49-26] cannot add Board Part xilinx.com:vmk180:part0:3.1 available at C:/Xilinx/Vivado/2022.2/data/xhub/boards/XilinxBoardStore/boards/Xilinx/vmk180/production/3.1/board.xml as part xcvm1802-vsva2197-2mp-e-s specified in board_part file is either invalid or not available
WARNING: [Board 49-26] cannot add Board Part xilinx.com:vmk180_newl:part0:1.0 available at C:/Xilinx/Vivado/2022.2/data/xhub/boards/XilinxBoardStore/boards/Xilinx/vmk180_newl/production/1.0/board.xml as part xcvm1802-vsva2197-2mp-e-s specified in board_part file is either invalid or not available
WARNING: [Board 49-26] cannot add Board Part xilinx.com:vpk120:part0:1.0 available at C:/Xilinx/Vivado/2022.2/data/xhub/boards/XilinxBoardStore/boards/Xilinx/vpk120/production/1.0/board.xml as part xcvp1202-vsva2785-2mp-e-s specified in board_part file is either invalid or not available
WARNING: [Board 49-26] cannot add Board Part xilinx.com:vpk120_es:part0:1.2 available at C:/Xilinx/Vivado/2022.2/data/xhub/boards/XilinxBoardStore/boards/Xilinx/vpk120/es/1.2/board.xml as part xcvp1202-vsva2785-2mp-e-s-es1 specified in board_part file is either invalid or not available
WARNING: [Board 49-26] cannot add Board Part xilinx.com:vpk120_es_revb:part0:1.0 available at C:/Xilinx/Vivado/2022.2/data/xhub/boards/XilinxBoardStore/boards/Xilinx/vpk120_revb/es/1.0/board.xml as part xcvp1202-vsva2785-2mp-e-s-es1 specified in board_part file is either invalid or not available
WARNING: [Board 49-26] cannot add Board Part xilinx.com:vpk180_es:part0:1.0 available at C:/Xilinx/Vivado/2022.2/data/xhub/boards/XilinxBoardStore/boards/Xilinx/vpk180/es/1.0/board.xml as part xcvp1802-lsvc4072-2mp-e-s-es1 specified in board_part file is either invalid or not available
WARNING: [Board 49-26] cannot add Board Part xilinx.com:zc706:part0:1.4 available at C:/Xilinx/Vivado/2022.2/data/xhub/boards/XilinxBoardStore/boards/Xilinx/zc706/1.4/board.xml as part xc7z045ffg900-2 specified in board_part file is either invalid or not available
WARNING: [Board 49-26] cannot add Board Part xilinx.com:zcu102:part0:3.3 available at C:/Xilinx/Vivado/2022.2/data/xhub/boards/XilinxBoardStore/boards/Xilinx/zcu102/3.3/board.xml as part xczu9eg-ffvb1156-2-e specified in board_part file is either invalid or not available
WARNING: [Board 49-26] cannot add Board Part xilinx.com:zcu102:part0:3.4 available at C:/Xilinx/Vivado/2022.2/data/xhub/boards/XilinxBoardStore/boards/Xilinx/zcu102/3.4/board.xml as part xczu9eg-ffvb1156-2-e specified in board_part file is either invalid or not available
WARNING: [Board 49-26] cannot add Board Part xilinx.com:zcu111:part0:1.2 available at C:/Xilinx/Vivado/2022.2/data/xhub/boards/XilinxBoardStore/boards/Xilinx/zcu111/1.2/board.xml as part xczu28dr-ffvg1517-2-e specified in board_part file is either invalid or not available
WARNING: [Board 49-26] cannot add Board Part xilinx.com:zcu111:part0:1.3 available at C:/Xilinx/Vivado/2022.2/data/xhub/boards/XilinxBoardStore/boards/Xilinx/zcu111/1.3/board.xml as part xczu28dr-ffvg1517-2-e specified in board_part file is either invalid or not available
WARNING: [Board 49-26] cannot add Board Part xilinx.com:zcu111:part0:1.4 available at C:/Xilinx/Vivado/2022.2/data/xhub/boards/XilinxBoardStore/boards/Xilinx/zcu111/1.4/board.xml as part xczu28dr-ffvg1517-2-e specified in board_part file is either invalid or not available
WARNING: [Board 49-26] cannot add Board Part xilinx.com:zcu1275:part0:1.0 available at C:/Xilinx/Vivado/2022.2/data/xhub/boards/XilinxBoardStore/boards/Xilinx/zcu1275/1.0/board.xml as part xczu29dr-ffvf1760-2-e specified in board_part file is either invalid or not available
WARNING: [Board 49-26] cannot add Board Part xilinx.com:zcu1285:part0:1.0 available at C:/Xilinx/Vivado/2022.2/data/xhub/boards/XilinxBoardStore/boards/Xilinx/zcu1285/1.0/board.xml as part xczu39dr-ffvf1760-2-i specified in board_part file is either invalid or not available
WARNING: [Board 49-26] cannot add Board Part xilinx.com:zcu208:part0:2.0 available at C:/Xilinx/Vivado/2022.2/data/xhub/boards/XilinxBoardStore/boards/Xilinx/zcu208/production/2.0/board.xml as part xczu48dr-fsvg1517-2-e specified in board_part file is either invalid or not available
WARNING: [Board 49-26] cannot add Board Part xilinx.com:zcu208ld:part0:2.0 available at C:/Xilinx/Vivado/2022.2/data/xhub/boards/XilinxBoardStore/boards/Xilinx/zcu208ld/production/2.0/board.xml as part xczu58dr-fsvg1517-2-i specified in board_part file is either invalid or not available
WARNING: [Board 49-26] cannot add Board Part xilinx.com:zcu216:part0:2.0 available at C:/Xilinx/Vivado/2022.2/data/xhub/boards/XilinxBoardStore/boards/Xilinx/zcu216/production/2.0/board.xml as part xczu49dr-ffvf1760-2-e specified in board_part file is either invalid or not available
WARNING: [Board 49-26] cannot add Board Part xilinx.com:zcu216ld:part0:2.0 available at C:/Xilinx/Vivado/2022.2/data/xhub/boards/XilinxBoardStore/boards/Xilinx/zcu216ld/production/2.0/board.xml as part xczu59dr-ffvf1760-2-i specified in board_part file is either invalid or not available
WARNING: [Board 49-26] cannot add Board Part xilinx.com:zcu670:part0:2.0 available at C:/Xilinx/Vivado/2022.2/data/xhub/boards/XilinxBoardStore/boards/Xilinx/zcu670/2.0/board.xml as part xczu67dr-fsve1156-2-i specified in board_part file is either invalid or not available
WARNING: [Board 49-26] cannot add Board Part xilinx.com:zcu670ld:part0:1.0 available at C:/Xilinx/Vivado/2022.2/data/xhub/boards/XilinxBoardStore/boards/Xilinx/zcu670ld/1.0/board.xml as part xczu57dr-fsve1156-2-i specified in board_part file is either invalid or not available
INFO: [Project 1-313] Project file moved from 'G:/My Drive/Proiecte/PLA/project_3' since last save.
INFO: [filemgmt 56-3] Default IP Output Path : Could not find the directory 'G:/My Drive/Proiecte/PSN/project_3/project_3.gen/sources_1'.
Scanning sources...
Finished scanning sources
WARNING: [Board 49-151] The current board 'digilentinc.com::basys3:1.2' is from a local repo. The vivado install has a corresponding board with version greater than or equal to the local repo board. Please use boards from vivado install to avoid any upgrade/migrate issues
INFO: [IP_Flow 19-234] Refreshing IP repositories
INFO: [IP_Flow 19-1704] No user IP repositories specified
INFO: [IP_Flow 19-2313] Loaded Vivado IP repository 'C:/Xilinx/Vivado/2022.2/data/ip'.
open_project: Time (s): cpu = 00:00:34 ; elapsed = 00:00:17 . Memory (MB): peak = 1162.773 ; gain = 390.262
update_compile_order -fileset sources_1
WARNING: [Vivado 12-4842] No board parts matched 'get_board_parts *vck190:part0* -latest_file_version'.
WARNING: [Vivado 12-4842] No board parts matched 'get_board_parts *vck190_newl:part0* -latest_file_version'.
WARNING: [Vivado 12-4842] No board parts matched 'get_board_parts *vek280_es:part0* -latest_file_version'.
WARNING: [Vivado 12-4842] No board parts matched 'get_board_parts *vek280_es_revb:part0* -latest_file_version'.
WARNING: [Vivado 12-4842] No board parts matched 'get_board_parts *vhk158_es:part0* -latest_file_version'.
WARNING: [Vivado 12-4842] No board parts matched 'get_board_parts *vmk180:part0* -latest_file_version'.
WARNING: [Vivado 12-4842] No board parts matched 'get_board_parts *vmk180_newl:part0* -latest_file_version'.
WARNING: [Vivado 12-4842] No board parts matched 'get_board_parts *vpk120:part0* -latest_file_version'.
WARNING: [Vivado 12-4842] No board parts matched 'get_board_parts *vpk120_es:part0* -latest_file_version'.
WARNING: [Vivado 12-4842] No board parts matched 'get_board_parts *vpk120_es_revb:part0* -latest_file_version'.
WARNING: [Vivado 12-4842] No board parts matched 'get_board_parts *vpk180_es:part0* -latest_file_version'.
WARNING: [Vivado 12-4842] No board parts matched 'get_board_parts *vck190:part0* -latest_file_version'.
WARNING: [Vivado 12-4842] No board parts matched 'get_board_parts *vck190_newl:part0* -latest_file_version'.
WARNING: [Vivado 12-4842] No board parts matched 'get_board_parts *vek280_es:part0* -latest_file_version'.
WARNING: [Vivado 12-4842] No board parts matched 'get_board_parts *vek280_es_revb:part0* -latest_file_version'.
WARNING: [Vivado 12-4842] No board parts matched 'get_board_parts *vhk158_es:part0* -latest_file_version'.
WARNING: [Vivado 12-4842] No board parts matched 'get_board_parts *vmk180:part0* -latest_file_version'.
WARNING: [Vivado 12-4842] No board parts matched 'get_board_parts *vmk180_newl:part0* -latest_file_version'.
WARNING: [Vivado 12-4842] No board parts matched 'get_board_parts *vpk120:part0* -latest_file_version'.
WARNING: [Vivado 12-4842] No board parts matched 'get_board_parts *vpk120_es:part0* -latest_file_version'.
WARNING: [Vivado 12-4842] No board parts matched 'get_board_parts *vpk120_es_revb:part0* -latest_file_version'.
WARNING: [Vivado 12-4842] No board parts matched 'get_board_parts *vpk180_es:part0* -latest_file_version'.
WARNING: [Vivado 12-4842] No board parts matched 'get_board_parts *vck190:part0* -latest_file_version'.
WARNING: [Vivado 12-4842] No board parts matched 'get_board_parts *vck190_newl:part0* -latest_file_version'.
WARNING: [Vivado 12-4842] No board parts matched 'get_board_parts *vek280_es:part0* -latest_file_version'.
WARNING: [Vivado 12-4842] No board parts matched 'get_board_parts *vek280_es_revb:part0* -latest_file_version'.
WARNING: [Vivado 12-4842] No board parts matched 'get_board_parts *vhk158_es:part0* -latest_file_version'.
WARNING: [Vivado 12-4842] No board parts matched 'get_board_parts *vmk180:part0* -latest_file_version'.
WARNING: [Vivado 12-4842] No board parts matched 'get_board_parts *vmk180_newl:part0* -latest_file_version'.
WARNING: [Vivado 12-4842] No board parts matched 'get_board_parts *vpk120:part0* -latest_file_version'.
WARNING: [Vivado 12-4842] No board parts matched 'get_board_parts *vpk120_es:part0* -latest_file_version'.
WARNING: [Vivado 12-4842] No board parts matched 'get_board_parts *vpk120_es_revb:part0* -latest_file_version'.
WARNING: [Vivado 12-4842] No board parts matched 'get_board_parts *vpk180_es:part0* -latest_file_version'.
WARNING: [Vivado 12-4842] No board parts matched 'get_board_parts *vck190:part0* -latest_file_version'.
WARNING: [Vivado 12-4842] No board parts matched 'get_board_parts *vck190_newl:part0* -latest_file_version'.
WARNING: [Vivado 12-4842] No board parts matched 'get_board_parts *vek280_es:part0* -latest_file_version'.
WARNING: [Vivado 12-4842] No board parts matched 'get_board_parts *vek280_es_revb:part0* -latest_file_version'.
WARNING: [Vivado 12-4842] No board parts matched 'get_board_parts *vhk158_es:part0* -latest_file_version'.
WARNING: [Vivado 12-4842] No board parts matched 'get_board_parts *vmk180:part0* -latest_file_version'.
WARNING: [Vivado 12-4842] No board parts matched 'get_board_parts *vmk180_newl:part0* -latest_file_version'.
WARNING: [Vivado 12-4842] No board parts matched 'get_board_parts *vpk120:part0* -latest_file_version'.
WARNING: [Vivado 12-4842] No board parts matched 'get_board_parts *vpk120_es:part0* -latest_file_version'.
WARNING: [Vivado 12-4842] No board parts matched 'get_board_parts *vpk120_es_revb:part0* -latest_file_version'.
WARNING: [Vivado 12-4842] No board parts matched 'get_board_parts *vpk180_es:part0* -latest_file_version'.
can't read "newlist": no such variable
can't read "newlist": no such variable
WARNING: [Vivado 12-4842] No board parts matched 'get_board_parts -filter {(BOARD_NAME =~"*kcu105*" && VENDOR_NAME=="xilinx.com" )} -latest_file_version'.
WARNING: [Vivado 12-4842] No board parts matched 'get_board_parts -filter {(BOARD_NAME =~"*kcu105*" && VENDOR_NAME=="xilinx.com" )} -latest_file_version'.
WARNING: [Vivado 12-4842] No board parts matched 'get_board_parts -filter {(BOARD_NAME =~"*vck190*" && VENDOR_NAME=="xilinx.com" )} -latest_file_version'.
WARNING: [Vivado 12-4842] No board parts matched 'get_board_parts -filter {(BOARD_NAME =~"*vck190*" && VENDOR_NAME=="xilinx.com" )} -latest_file_version'.
WARNING: [Vivado 12-4842] No board parts matched 'get_board_parts -filter {(BOARD_NAME =~"*vck190*" && VENDOR_NAME=="xilinx.com" )} -latest_file_version'.
WARNING: [Vivado 12-4842] No board parts matched 'get_board_parts -filter {(BOARD_NAME =~"*vck190*" && VENDOR_NAME=="xilinx.com" )} -latest_file_version'.
WARNING: [Vivado 12-4842] No board parts matched 'get_board_parts -filter {(BOARD_NAME =~"*vck190*" && VENDOR_NAME=="xilinx.com" ) || (BOARD_NAME =~"*vmk180*" && VENDOR_NAME=="xilinx.com" )} -latest_file_version'.
WARNING: [Vivado 12-4842] No board parts matched 'get_board_parts -filter {(BOARD_NAME =~"*vck190*" && VENDOR_NAME=="xilinx.com" ) || (BOARD_NAME =~"*vmk180*" && VENDOR_NAME=="xilinx.com" )} -latest_file_version'.
WARNING: [Vivado 12-4842] No board parts matched 'get_board_parts -filter {(BOARD_NAME =~"*vck190*" && VENDOR_NAME=="xilinx.com" ) || (BOARD_NAME =~"*vpk120*" && VENDOR_NAME=="xilinx.com" )} -latest_file_version'.
WARNING: [Vivado 12-4842] No board parts matched 'get_board_parts -filter {(BOARD_NAME =~"*vck190*" && VENDOR_NAME=="xilinx.com" ) || (BOARD_NAME =~"*vpk120*" && VENDOR_NAME=="xilinx.com" )} -latest_file_version'.
WARNING: [Vivado 12-4842] No board parts matched 'get_board_parts -filter {(BOARD_NAME =~"*vck190*" && VENDOR_NAME=="xilinx.com" ) || (BOARD_NAME =~"*vpk120*" && VENDOR_NAME=="xilinx.com" )} -latest_file_version'.
WARNING: [Vivado 12-4842] No board parts matched 'get_board_parts -filter {(BOARD_NAME =~"*vck190*" && VENDOR_NAME=="xilinx.com" ) || (BOARD_NAME =~"*vpk120*" && VENDOR_NAME=="xilinx.com" )} -latest_file_version'.
WARNING: [Vivado 12-4842] No board parts matched 'get_board_parts -filter {(BOARD_NAME =~"*vck190*" && VENDOR_NAME=="xilinx.com" ) || (BOARD_NAME =~"*vpk120*" && VENDOR_NAME=="xilinx.com" )} -latest_file_version'.
WARNING: [Vivado 12-4842] No board parts matched 'get_board_parts -filter {(BOARD_NAME =~"*vck190*" && VENDOR_NAME=="xilinx.com" ) || (BOARD_NAME =~"*vpk120*" && VENDOR_NAME=="xilinx.com" )} -latest_file_version'.
WARNING: [Vivado 12-4842] No board parts matched 'get_board_parts -filter {(NAME =~"*vck190:part0*" && VENDOR_NAME=="xilinx.com" ) || (NAME =~"*vmk180:part0*" && VENDOR_NAME=="xilinx.com" )} -latest_file_version'.
WARNING: [Vivado 12-4842] No board parts matched 'get_board_parts -filter {(NAME =~"*vck190:part0*" && VENDOR_NAME=="xilinx.com" ) || (NAME =~"*vmk180:part0*" && VENDOR_NAME=="xilinx.com" )} -latest_file_version'.
WARNING: [Coretcl 2-179] No part matched the expression you provided ("*xcvp1202-vsva2785-2MHP-e-S-es1*").
WARNING: [Coretcl 2-179] No part matched the expression you provided ("*xcvp1202-vsva2785-2MHP-e-S-es1*").
WARNING: [Coretcl 2-179] No part matched the expression you provided ("*xcvp1202-vsva2785-2MHP-e-S-es1*").
WARNING: [Coretcl 2-179] No part matched the expression you provided ("*xcvp1202-vsva2785-2MHP-e-S-es1*").
WARNING: [Vivado 12-4842] No board parts matched 'get_board_parts -latest_file_version -filter {(BOARD_NAME =~"*vck190*" && VENDOR_NAME=="xilinx.com") ||  (BOARD_NAME =~"*vmk180*" && VENDOR_NAME=="xilinx.com") ||  (BOARD_NAME =~"*vpk120*" && VENDOR_NAME=="xilinx.com")}'.
WARNING: [Vivado 12-4842] No board parts matched 'get_board_parts -latest_file_version -filter {(BOARD_NAME =~"*vck190*" && VENDOR_NAME=="xilinx.com") ||  (BOARD_NAME =~"*vmk180*" && VENDOR_NAME=="xilinx.com") ||  (BOARD_NAME =~"*vpk120*" && VENDOR_NAME=="xilinx.com")}'.
WARNING: [Vivado 12-4842] No board parts matched 'get_board_parts -latest_file_version -filter {(BOARD_NAME =~"*vpk120*" && VENDOR_NAME=="xilinx.com") ||  (BOARD_NAME =~"*vck190*" && VENDOR_NAME=="xilinx.com")     }'.
WARNING: [Vivado 12-4842] No board parts matched 'get_board_parts -latest_file_version -filter {(BOARD_NAME =~"*vpk120*" && VENDOR_NAME=="xilinx.com") ||  (BOARD_NAME =~"*vck190*" && VENDOR_NAME=="xilinx.com")     }'.
WARNING: [Vivado 12-4842] No board parts matched 'get_board_parts -filter {(BOARD_NAME =~"*vck190*" && VENDOR_NAME=="xilinx.com")} -latest_file_version'.
WARNING: [Vivado 12-4842] No board parts matched 'get_board_parts -filter {(BOARD_NAME =~"*vck190*" && VENDOR_NAME=="xilinx.com")} -latest_file_version'.
WARNING: [Vivado 12-4842] No board parts matched 'get_board_parts *vck190:part0* -latest_file_version'.
WARNING: [Vivado 12-4842] No board parts matched 'get_board_parts *vck190_newl:part0* -latest_file_version'.
WARNING: [Vivado 12-4842] No board parts matched 'get_board_parts *vek280_es:part0* -latest_file_version'.
WARNING: [Vivado 12-4842] No board parts matched 'get_board_parts *vek280_es_revb:part0* -latest_file_version'.
WARNING: [Vivado 12-4842] No board parts matched 'get_board_parts *vhk158_es:part0* -latest_file_version'.
WARNING: [Vivado 12-4842] No board parts matched 'get_board_parts *vmk180:part0* -latest_file_version'.
WARNING: [Vivado 12-4842] No board parts matched 'get_board_parts *vmk180_newl:part0* -latest_file_version'.
WARNING: [Vivado 12-4842] No board parts matched 'get_board_parts *vpk120:part0* -latest_file_version'.
WARNING: [Vivado 12-4842] No board parts matched 'get_board_parts *vpk120_es:part0* -latest_file_version'.
WARNING: [Vivado 12-4842] No board parts matched 'get_board_parts *vpk120_es_revb:part0* -latest_file_version'.
WARNING: [Vivado 12-4842] No board parts matched 'get_board_parts *vpk180_es:part0* -latest_file_version'.
WARNING: [Vivado 12-4842] No board parts matched 'get_board_parts *vck190:part0* -latest_file_version'.
WARNING: [Vivado 12-4842] No board parts matched 'get_board_parts *vck190_newl:part0* -latest_file_version'.
WARNING: [Vivado 12-4842] No board parts matched 'get_board_parts *vek280_es:part0* -latest_file_version'.
WARNING: [Vivado 12-4842] No board parts matched 'get_board_parts *vek280_es_revb:part0* -latest_file_version'.
WARNING: [Vivado 12-4842] No board parts matched 'get_board_parts *vhk158_es:part0* -latest_file_version'.
WARNING: [Vivado 12-4842] No board parts matched 'get_board_parts *vmk180:part0* -latest_file_version'.
WARNING: [Vivado 12-4842] No board parts matched 'get_board_parts *vmk180_newl:part0* -latest_file_version'.
WARNING: [Vivado 12-4842] No board parts matched 'get_board_parts *vpk120:part0* -latest_file_version'.
WARNING: [Vivado 12-4842] No board parts matched 'get_board_parts *vpk120_es:part0* -latest_file_version'.
WARNING: [Vivado 12-4842] No board parts matched 'get_board_parts *vpk120_es_revb:part0* -latest_file_version'.
WARNING: [Vivado 12-4842] No board parts matched 'get_board_parts *vpk180_es:part0* -latest_file_version'.
can't read "newlist": no such variable
can't read "newlist": no such variable
WARNING: [Vivado 12-4842] No board parts matched 'get_board_parts *vck190:part0* -latest_file_version'.
WARNING: [Vivado 12-4842] No board parts matched 'get_board_parts *vck190_newl:part0* -latest_file_version'.
WARNING: [Vivado 12-4842] No board parts matched 'get_board_parts *vek280_es:part0* -latest_file_version'.
WARNING: [Vivado 12-4842] No board parts matched 'get_board_parts *vek280_es_revb:part0* -latest_file_version'.
WARNING: [Vivado 12-4842] No board parts matched 'get_board_parts *vhk158_es:part0* -latest_file_version'.
WARNING: [Vivado 12-4842] No board parts matched 'get_board_parts *vmk180:part0* -latest_file_version'.
WARNING: [Vivado 12-4842] No board parts matched 'get_board_parts *vmk180_newl:part0* -latest_file_version'.
WARNING: [Vivado 12-4842] No board parts matched 'get_board_parts *vpk120:part0* -latest_file_version'.
WARNING: [Vivado 12-4842] No board parts matched 'get_board_parts *vpk120_es:part0* -latest_file_version'.
WARNING: [Vivado 12-4842] No board parts matched 'get_board_parts *vpk120_es_revb:part0* -latest_file_version'.
WARNING: [Vivado 12-4842] No board parts matched 'get_board_parts *vpk180_es:part0* -latest_file_version'.
WARNING: [Vivado 12-4842] No board parts matched 'get_board_parts *vck190:part0* -latest_file_version'.
INFO: [Common 17-14] Message 'Vivado 12-4842' appears 100 times and further instances of the messages will be disabled. Use the Tcl command set_msg_config to change the current settings.
WARNING: [IP_Flow 19-240] Unknown architecture 'virtex7' detected.
WARNING: [IP_Flow 19-240] Unknown architecture 'virtex7' detected.
WARNING: [IP_Flow 19-240] Unknown architecture 'virtex7' detected.
WARNING: [IP_Flow 19-240] Unknown architecture 'virtex7' detected.
WARNING: [IP_Flow 19-240] Unknown architecture 'virtex7' detected.
WARNING: [IP_Flow 19-240] Unknown architecture 'virtex7' detected.
WARNING: [IP_Flow 19-240] Unknown architecture 'virtex7' detected.
WARNING: [IP_Flow 19-240] Unknown architecture 'virtex7' detected.
WARNING: [IP_Flow 19-240] Unknown architecture 'virtex7' detected.
WARNING: [IP_Flow 19-240] Unknown architecture 'virtex7' detected.
WARNING: [IP_Flow 19-240] Unknown architecture 'virtex7' detected.
WARNING: [IP_Flow 19-240] Unknown architecture 'virtex7' detected.
