Copyright 1986-2023 Xilinx, Inc. All Rights Reserved.
--------------------------------------------------------------------------------------
| Tool Version : Vivado v.2022.2.2 (win64) Build 3788238 Tue Feb 21 20:00:34 MST 2023
| Date         : Sun Nov 16 19:06:53 2025
| Host         : DESKTOP-JF7BU5U running 64-bit major release  (build 9200)
| Command      : report_control_sets -verbose -file robot_control_sets_placed.rpt
| Design       : robot
| Device       : xc7a35t
--------------------------------------------------------------------------------------

Control Set Information

Table of Contents
-----------------
1. Summary
2. Histogram
3. Flip-Flop Distribution
4. Detailed Control Set Information

1. Summary
----------

+----------------------------------------------------------+-------+
|                          Status                          | Count |
+----------------------------------------------------------+-------+
| Total control sets                                       |     7 |
|    Minimum number of control sets                        |     7 |
|    Addition due to synthesis replication                 |     0 |
|    Addition due to physical synthesis replication        |     0 |
| Unused register locations in slices containing registers |    23 |
+----------------------------------------------------------+-------+
* Control sets can be merged at opt_design using control_set_merge or merge_equivalent_drivers
** Run report_qor_suggestions for automated merging and remapping suggestions


2. Histogram
------------

+--------------------+-------+
|       Fanout       | Count |
+--------------------+-------+
| Total control sets |     7 |
| >= 0 to < 4        |     3 |
| >= 4 to < 6        |     0 |
| >= 6 to < 8        |     1 |
| >= 8 to < 10       |     1 |
| >= 10 to < 12      |     0 |
| >= 12 to < 14      |     0 |
| >= 14 to < 16      |     0 |
| >= 16              |     2 |
+--------------------+-------+
* Control sets can be remapped at either synth_design or opt_design


3. Flip-Flop Distribution
-------------------------

+--------------+-----------------------+------------------------+-----------------+--------------+
| Clock Enable | Synchronous Set/Reset | Asynchronous Set/Reset | Total Registers | Total Slices |
+--------------+-----------------------+------------------------+-----------------+--------------+
| No           | No                    | No                     |               8 |            3 |
| No           | No                    | Yes                    |              24 |            6 |
| No           | Yes                   | No                     |              11 |            5 |
| Yes          | No                    | No                     |               0 |            0 |
| Yes          | No                    | Yes                    |              22 |            6 |
| Yes          | Yes                   | No                     |               0 |            0 |
+--------------+-----------------------+------------------------+-----------------+--------------+


4. Detailed Control Set Information
-----------------------------------

+--------------------------+---------------+-------------------------------------------------------------------+------------------+----------------+--------------+
|       Clock Signal       | Enable Signal |                          Set/Reset Signal                         | Slice Load Count | Bel Load Count | Bels / Slice |
+--------------------------+---------------+-------------------------------------------------------------------+------------------+----------------+--------------+
|  PWM1/gtOp               |               | PWM1/ltOp                                                         |                1 |              1 |         1.00 |
|  Motor_R_in_4_reg/G0     |               |                                                                   |                1 |              1 |         1.00 |
|  ultrasonic_Middle/CO[0] |               | ultrasonic_Middle/O[0]                                            |                2 |              2 |         1.00 |
|  fpgaclk_IBUF_BUFG       |               |                                                                   |                2 |              7 |         3.50 |
|  PWM1/CLOCK/S[0]         |               | PWM1/clear                                                        |                2 |              8 |         4.00 |
|  fpgaclk_IBUF_BUFG       | echo_IBUF     | ultrasonic_Middle/trigger_generation/trigger_gen/trigger_OBUF     |                6 |             22 |         3.67 |
|  fpgaclk_IBUF_BUFG       |               | ultrasonic_Middle/trigger_generation/trigger_gen/count[0]_i_2_n_0 |                6 |             24 |         4.00 |
+--------------------------+---------------+-------------------------------------------------------------------+------------------+----------------+--------------+


