Copyright 1986-2023 Xilinx, Inc. All Rights Reserved.
-----------------------------------------------------------------------------------------------------------------------------------------------------
| Tool Version : Vivado v.2022.2.2 (win64) Build 3788238 Tue Feb 21 20:00:34 MST 2023
| Date         : Sun Nov 16 19:07:35 2025
| Host         : DESKTOP-JF7BU5U running 64-bit major release  (build 9200)
| Command      : report_methodology -file robot_methodology_drc_routed.rpt -pb robot_methodology_drc_routed.pb -rpx robot_methodology_drc_routed.rpx
| Design       : robot
| Device       : xc7a35tcpg236-1
| Speed File   : -1
| Design State : Fully Routed
-----------------------------------------------------------------------------------------------------------------------------------------------------

Report Methodology

Table of Contents
-----------------
1. REPORT SUMMARY
2. REPORT DETAILS

1. REPORT SUMMARY
-----------------
            Netlist: netlist
          Floorplan: design_1
      Design limits: <entire design considered>
             Max violations: <unlimited>
             Violations found: 19
+-----------+------------------+--------------------------------+------------+
| Rule      | Severity         | Description                    | Violations |
+-----------+------------------+--------------------------------+------------+
| TIMING-17 | Critical Warning | Non-clocked sequential cell    | 8          |
| LUTAR-1   | Warning          | LUT drives async reset alert   | 3          |
| TIMING-18 | Warning          | Missing input or output delay  | 3          |
| TIMING-20 | Warning          | Non-clocked latch              | 4          |
| LATCH-1   | Advisory         | Existing latches in the design | 1          |
+-----------+------------------+--------------------------------+------------+

2. REPORT DETAILS
-----------------
TIMING-17#1 Critical Warning
Non-clocked sequential cell  
The clock pin PWM1/count_reg[0]/C is not reached by a timing clock
Related violations: <none>

TIMING-17#2 Critical Warning
Non-clocked sequential cell  
The clock pin PWM1/count_reg[1]/C is not reached by a timing clock
Related violations: <none>

TIMING-17#3 Critical Warning
Non-clocked sequential cell  
The clock pin PWM1/count_reg[2]/C is not reached by a timing clock
Related violations: <none>

TIMING-17#4 Critical Warning
Non-clocked sequential cell  
The clock pin PWM1/count_reg[3]/C is not reached by a timing clock
Related violations: <none>

TIMING-17#5 Critical Warning
Non-clocked sequential cell  
The clock pin PWM1/count_reg[4]/C is not reached by a timing clock
Related violations: <none>

TIMING-17#6 Critical Warning
Non-clocked sequential cell  
The clock pin PWM1/count_reg[5]/C is not reached by a timing clock
Related violations: <none>

TIMING-17#7 Critical Warning
Non-clocked sequential cell  
The clock pin PWM1/count_reg[6]/C is not reached by a timing clock
Related violations: <none>

TIMING-17#8 Critical Warning
Non-clocked sequential cell  
The clock pin PWM1/count_reg[7]/C is not reached by a timing clock
Related violations: <none>

LUTAR-1#1 Warning
LUT drives async reset alert  
LUT cell PWM1/pwm_sig_reg_i_2, with 2 or more inputs, drives asynchronous preset/clear pin(s) PWM1/pwm_sig_reg/PRE. The LUT may glitch and trigger an unexpected reset, even if it is a properly timed path.
Related violations: <none>

LUTAR-1#2 Warning
LUT drives async reset alert  
LUT cell ultrasonic_Middle/trigger_generation/trigger_gen/count[0]_i_2, with 2 or more inputs, drives asynchronous preset/clear pin(s) ultrasonic_Middle/trigger_generation/trigger_gen/count_reg[18]/CLR,
ultrasonic_Middle/trigger_generation/trigger_gen/count_reg[19]/CLR,
ultrasonic_Middle/trigger_generation/trigger_gen/count_reg[1]/CLR,
ultrasonic_Middle/trigger_generation/trigger_gen/count_reg[20]/CLR,
ultrasonic_Middle/trigger_generation/trigger_gen/count_reg[21]/CLR,
ultrasonic_Middle/trigger_generation/trigger_gen/count_reg[22]/CLR,
ultrasonic_Middle/trigger_generation/trigger_gen/count_reg[23]/CLR,
ultrasonic_Middle/trigger_generation/trigger_gen/count_reg[2]/CLR,
ultrasonic_Middle/trigger_generation/trigger_gen/count_reg[3]/CLR,
ultrasonic_Middle/trigger_generation/trigger_gen/count_reg[4]/CLR,
ultrasonic_Middle/trigger_generation/trigger_gen/count_reg[5]/CLR,
ultrasonic_Middle/trigger_generation/trigger_gen/count_reg[6]/CLR,
ultrasonic_Middle/trigger_generation/trigger_gen/count_reg[7]/CLR,
ultrasonic_Middle/trigger_generation/trigger_gen/count_reg[8]/CLR,
ultrasonic_Middle/trigger_generation/trigger_gen/count_reg[9]/CLR
 (the first 15 of 24 listed). The LUT may glitch and trigger an unexpected reset, even if it is a properly timed path.
Related violations: <none>

LUTAR-1#3 Warning
LUT drives async reset alert  
LUT cell ultrasonic_Middle/trigger_generation/trigger_gen/trigger_OBUF_inst_i_1, with 2 or more inputs, drives asynchronous preset/clear pin(s) ultrasonic_Middle/counter_echo_pulse/count_reg[16]/CLR,
ultrasonic_Middle/counter_echo_pulse/count_reg[17]/CLR,
ultrasonic_Middle/counter_echo_pulse/count_reg[18]/CLR,
ultrasonic_Middle/counter_echo_pulse/count_reg[19]/CLR,
ultrasonic_Middle/counter_echo_pulse/count_reg[1]/CLR,
ultrasonic_Middle/counter_echo_pulse/count_reg[20]/CLR,
ultrasonic_Middle/counter_echo_pulse/count_reg[21]/CLR,
ultrasonic_Middle/counter_echo_pulse/count_reg[2]/CLR,
ultrasonic_Middle/counter_echo_pulse/count_reg[3]/CLR,
ultrasonic_Middle/counter_echo_pulse/count_reg[4]/CLR,
ultrasonic_Middle/counter_echo_pulse/count_reg[5]/CLR,
ultrasonic_Middle/counter_echo_pulse/count_reg[6]/CLR,
ultrasonic_Middle/counter_echo_pulse/count_reg[7]/CLR,
ultrasonic_Middle/counter_echo_pulse/count_reg[8]/CLR,
ultrasonic_Middle/counter_echo_pulse/count_reg[9]/CLR
 (the first 15 of 22 listed). The LUT may glitch and trigger an unexpected reset, even if it is a properly timed path.
Related violations: <none>

TIMING-18#1 Warning
Missing input or output delay  
An input delay is missing on echo relative to clock(s) fpgaclk
Related violations: <none>

TIMING-18#2 Warning
Missing input or output delay  
An output delay is missing on led relative to clock(s) fpgaclk
Related violations: <none>

TIMING-18#3 Warning
Missing input or output delay  
An output delay is missing on trigger relative to clock(s) fpgaclk
Related violations: <none>

TIMING-20#1 Warning
Non-clocked latch  
The latch Motor_L_in_1_reg cannot be properly analyzed as its control pin Motor_L_in_1_reg/G is not reached by a timing clock
Related violations: <none>

TIMING-20#2 Warning
Non-clocked latch  
The latch Motor_L_in_2_reg cannot be properly analyzed as its control pin Motor_L_in_2_reg/G is not reached by a timing clock
Related violations: <none>

TIMING-20#3 Warning
Non-clocked latch  
The latch Motor_R_in_4_reg/L7 (in Motor_R_in_4_reg macro) cannot be properly analyzed as its control pin Motor_R_in_4_reg/L7/G is not reached by a timing clock
Related violations: <none>

TIMING-20#4 Warning
Non-clocked latch  
The latch PWM1/pwm_sig_reg cannot be properly analyzed as its control pin PWM1/pwm_sig_reg/G is not reached by a timing clock
Related violations: <none>

LATCH-1#1 Advisory
Existing latches in the design  
There are 4 latches found in the design. Inferred latches are often the result of HDL coding mistakes, such as incomplete if or case statements.
Related violations: <none>


